<html>
<body>
<pre>
<h1>µVision Build Log</h1>
<h2>Tool Versions:</h2>
IDE-Version: ¦ÌVision V5.37.0.0
Copyright (C) 2022 ARM Ltd and ARM Germany GmbH. All rights reserved.
License Information: 1 yzh, 1, LIC=UB4EI-TAJLV-TLRCD-8DAY6-DWAZW-1A22Z
 
Tool Versions:
Toolchain:       MDK-ARM Professional  Version: 5.37.0.0
Toolchain Path:  D:\download\keil5\core\ARM\ARMCC\Bin
C Compiler:      Armcc.exe V5.06 update 7 (build 960)
Assembler:       Armasm.exe V5.06 update 7 (build 960)
Linker/Locator:  ArmLink.exe V5.06 update 7 (build 960)
Library Manager: ArmAr.exe V5.06 update 7 (build 960)
Hex Converter:   FromElf.exe V5.06 update 7 (build 960)
CPU DLL:         SARMCM3.DLL V5.37.0.0
Dialog DLL:      DCM.DLL V1.17.5.0
Target DLL:      STLink\ST-LINKIII-KEIL_SWO.dll V3.0.9.0
Dialog DLL:      TCM.DLL V1.56.1.0
 
<h2>Project:</h2>
D:\download\Project_two\stm32-modbus-rtu-terminal\ModbusRTUTerminal\MDK-ARM\ModbusRTUTerminal.uvprojx
Project File Date:  07/20/2026

<h2>Output:</h2>
*** Using Compiler 'V5.06 update 7 (build 960)', folder: 'D:\download\keil5\core\ARM\ARMCC\Bin'
Build target 'ModbusRTUTerminal'
compiling modbus_slave.c...
../Core/Inc/modbus_slave.h(67): warning:  #1-D: last line of file ends without a newline
  #endif
../Core/Inc/modbus_crc.h(39): warning:  #1-D: last line of file ends without a newline
  #endif
..\Core\Src\modbus_slave.c(741): warning:  #1-D: last line of file ends without a newline
  }
..\Core\Src\modbus_slave.c: 3 warnings, 0 errors
linking...
Program Size: Code=10804 RO-data=412 RW-data=136 ZI-data=13072  
FromELF: creating hex file...
"ModbusRTUTerminal\ModbusRTUTerminal.axf" - 0 Error(s), 3 Warning(s).

<h2>Software Packages used:</h2>

Package Vendor: ARM
                http://www.keil.com/pack/ARM.CMSIS.5.9.0.pack
                ARM.CMSIS.5.9.0
                CMSIS (Common Microcontroller Software Interface Standard)
   * Component: CORE Version: 5.6.0

Package Vendor: Keil
                http://www.keil.com/pack/Keil.STM32F1xx_DFP.2.4.0.pack
                Keil.STM32F1xx_DFP.2.4.0
                STMicroelectronics STM32F1 Series Device Support, Drivers and Examples

<h2>Collection of Component include folders:</h2>
  ./RTE/_ModbusRTUTerminal
  D:/download/keil5/pack/ARM/CMSIS/5.9.0/CMSIS/Core/Include
  D:/download/keil5/pack/Keil/STM32F1xx_DFP/2.4.0/Device/Include

<h2>Collection of Component Files used:</h2>

   * Component: ARM::CMSIS:CORE:5.6.0
      Include file:  CMSIS/Core/Include/tz_context.h
Build Time Elapsed:  00:00:02
</pre>
</body>
</html>
